// Jest Snapshot v1, https://goo.gl/fbAQLP

exports[`App Component should render app with error 1`] = `
<DocumentFragment>
  <div>
    My First Component!!!
  </div>
</DocumentFragment>
`;
